适用于 .NET Framework MSBuild 版本 17.9.8+b34f75857

  Checking File Globs
  -- GLOB mismatch!
  1>Checking Build System
  CMake is re-running because N:/Users/shao/acecode/build/CMakeFiles/generate.stamp is out-of-date.
    the file 'N:/Users/shao/acecode/build/CMakeFiles/cmake.verify_globs'
    is newer than 'N:/Users/shao/acecode/build/CMakeFiles/generate.stamp.depend'
    result='-1'
  -- Running vcpkg install
  Detecting compiler hash for triplet x64-windows...
  Compiler found: D:/Program Files/Microsoft Visual Studio/2022/Enterprise/VC/Tools/MSVC/14.39.33519/bin/Hostx64/x64/cl.exe
  Detecting compiler hash for triplet x64-windows-static...
  Compiler found: D:/Program Files/Microsoft Visual Studio/2022/Enterprise/VC/Tools/MSVC/14.39.33519/bin/Hostx64/x64/cl.exe
  The following packages are already installed:
      cpr[core,ssl]:x64-windows-static@1.14.2
    * curl[core,sspi,ssl,non-http]:x64-windows-static@8.19.0
      ftxui:x64-windows-static@6.1.9#1
      nlohmann-json:x64-windows-static@3.12.0#2
    * vcpkg-cmake:x64-windows@2024-04-23
    * vcpkg-cmake-config:x64-windows@2024-05-23
    * zlib:x64-windows-static@1.3.1
  cpr provides CMake targets:
  
    # this is heuristically generated, and may not be correct
    find_package(cpr CONFIG REQUIRED)
    target_link_libraries(main PRIVATE cpr::cpr)
  
  ftxui provides CMake targets:
  
    # this is heuristically generated, and may not be correct
    find_package(ftxui CONFIG REQUIRED)
    target_link_libraries(main PRIVATE ftxui::dom ftxui::screen ftxui::component)
  
  ftxui provides pkg-config modules:
  
    # C++ Functional Terminal User Interface.
    ftxui
  
  The package nlohmann-json provides CMake targets:
  
      find_package(nlohmann_json CONFIG REQUIRED)
      target_link_libraries(main PRIVATE nlohmann_json::nlohmann_json)
  
  The package nlohmann-json can be configured to not provide implicit conversions via a custom triplet file:
  
      set(nlohmann-json_IMPLICIT_CONVERSIONS OFF)
  
  For more information, see the docs here:
      
      https://json.nlohmann.me/api/macros/json_use_implicit_conversions/
  
  All requested installations completed successfully in: 247 us
  -- Running vcpkg install - done
  -- Selecting Windows SDK version 10.0.26100.0 to target Windows 10.0.22631.
  -- Configuring done (3.5s)
  -- Generating done (0.3s)
  -- Build files have been written to: N:/Users/shao/acecode/build
  Building Custom Rule C:/Users/shao/acecode/external/cpp-mcp/src/CMakeLists.txt
  mcp_message.cpp
  mcp_resource.cpp
  mcp_server.cpp
  mcp_tool.cpp
  mcp_stdio_client.cpp
  mcp_sse_client.cpp
  mcp_streamable_http_client.cpp
  正在生成代码...
  mcp.vcxproj -> N:\Users\shao\acecode\build\external\cpp-mcp\src\Release\mcp.lib
  Building Custom Rule C:/Users/shao/acecode/CMakeLists.txt
  main.cpp
  agent_loop.cpp
  github_auth.cpp
  builtin_commands.cpp
  command_registry.cpp
  compact.cpp
  compact_prompt.cpp
  configure.cpp
  micro_compact.cpp
  config.cpp
  markdown_formatter.cpp
  markdown_lexer.cpp
  syntax_highlight.cpp
  system_prompt.cpp
  copilot_provider.cpp
  model_context_resolver.cpp
  openai_provider.cpp
  provider_factory.cpp
  session_manager.cpp
  session_serializer.cpp
  正在生成代码...
  正在编译...
  session_storage.cpp
  frontmatter.cpp
  skill_activation.cpp
  skill_commands.cpp
  skill_loader.cpp
  skill_registry.cpp
  bash_tool.cpp
  diff_utils.cpp
  file_edit_tool.cpp
  file_read_tool.cpp
C:\Users\shao\acecode\src\utils\file_operations.hpp(4,10): error C1083: 无法打开包括文件: “tool/tool_result.hpp”: No such file or directory [N:\Users\shao\acecode\build\acecode.vcxproj]
  (编译源文件“C:/Users/shao/acecode/src/tool/file_edit_tool.cpp”)
  
C:\Users\shao\acecode\src\utils\file_operations.hpp(4,10): error C1083: 无法打开包括文件: “tool/tool_result.hpp”: No such file or directory [N:\Users\shao\acecode\build\acecode.vcxproj]
  (编译源文件“C:/Users/shao/acecode/src/tool/file_read_tool.cpp”)
  
  file_write_tool.cpp
C:\Users\shao\acecode\src\utils\file_operations.hpp(4,10): error C1083: 无法打开包括文件: “tool/tool_result.hpp”: No such file or directory [N:\Users\shao\acecode\build\acecode.vcxproj]
  (编译源文件“C:/Users/shao/acecode/src/tool/file_write_tool.cpp”)
  
  glob_tool.cpp
  grep_tool.cpp
  mcp_manager.cpp
  mtime_tracker.cpp
  skill_view_tool.cpp
  skills_tool.cpp
  tool_executor.cpp
  slash_dropdown.cpp
  token_tracker.cpp
  正在生成代码...
